; ModuleID = 'top'
source_filename = "top"

define i32 @succ(i32 %x) {
entry:
  %_0 = alloca i32, align 4
  %_2 = alloca i32, align 4
  br label %bb0

bb0:                                              ; preds = %entry
  store i32 %x, i32* %_2, align 4
  %0 = load i32, i32* %_2, align 4
  %1 = add i32 %0, 1
  ret i32 %1
}
